[2026-10-08 21:26:56.901] [6043] [HailoRT] [info] [vdevice.cpp:535] [create] Creating vdevice with params: device_count: 1, scheduling_algorithm: ROUND_ROBIN, multi_process_service: false
[2026-10-08 21:26:56.914] [6043] [HailoRT] [info] [device.cpp:57] [Device] OS Version: Linux 6.8.0-1065-raspi #69-Ubuntu SMP PREEMPT_DYNAMIC Tue Sep  8 18:10:10 UTC 2026 aarch64
[2026-10-08 21:26:56.914] [6043] [HailoRT] [info] [control.cpp:176] [identify] firmware_version is: 4.24.0
[2026-10-08 21:26:56.914] [6043] [HailoRT] [info] [vdevice.cpp:682] [create] VDevice Infos: 0000:01:00.0
[2026-10-08 21:26:56.925] [6043] [HailoRT] [info] [hef.cpp:1993] [get_network_group_and_network_name] No name was given. Addressing all networks of default network_group: yolov8n
[2026-10-08 21:26:56.925] [6043] [HailoRT] [info] [hef.cpp:1993] [get_network_group_and_network_name] No name was given. Addressing all networks of default network_group: yolov8n
[2026-10-08 21:26:56.933] [6043] [HailoRT] [info] [internal_buffer_manager.cpp:77] [print_execution_results] Planned internal buffer memory: CMA=0 CMA-Desc=524288 Pinned=925696. memory to edge layer usage factor is 1
[2026-10-08 21:26:56.933] [6043] [HailoRT] [info] [internal_buffer_manager.cpp:86] [print_execution_results] Default Internal buffer planner executed successfully
[2026-10-08 21:26:56.959] [6043] [HailoRT] [info] [device_internal.cpp:57] [configure] Configuring HEF took 33.812326 milliseconds
[2026-10-08 21:26:56.959] [6043] [HailoRT] [info] [vdevice.cpp:780] [configure] Configuring HEF on VDevice took 34.082097 milliseconds
[2026-10-08 21:26:56.959] [6043] [HailoRT] [info] [infer_model.cpp:417] [configure] Configuring network group 'yolov8n' with params: batch size: 1, power mode: PERFORMANCE, latency: NONE
[2026-10-08 21:26:56.959] [6043] [HailoRT] [info] [multi_io_elements.cpp:754] [create] Created (AsyncHwEl)
[2026-10-08 21:26:56.959] [6043] [HailoRT] [info] [queue_elements.cpp:450] [create] Created (EntryPushQEl0yolov8n/input_layer1 | timeout: 10s)
[2026-10-08 21:26:56.959] [6043] [HailoRT] [info] [filter_elements.cpp:101] [create] Created (PreInferEl10yolov8n/input_layer1 | Reorder - src_order: NHWC, src_shape: (640, 640, 3), dst_order: NHCW, dst_shape: (640, 640, 3))
[2026-10-08 21:26:56.960] [6043] [HailoRT] [info] [queue_elements.cpp:450] [create] Created (PushQEl10yolov8n/input_layer1 | timeout: 10s)
[2026-10-08 21:26:56.960] [6043] [HailoRT] [info] [multi_io_elements.cpp:135] [create] Created (NmsPPMuxEl0YOLOV8-Post-Process | Op YOLOV8, Name: YOLOV8-Post-Process, Score threshold: 0.200, IoU threshold: 0.70, Classes: 80, Max bboxes per class: 100, Image height: 640, Image width: 640)
[2026-10-08 21:26:56.971] [6043] [HailoRT] [info] [queue_elements.cpp:942] [create] Created (MultiPushQEl0YOLOV8-Post-Process | timeout: 10s)
[2026-10-08 21:26:56.971] [6043] [HailoRT] [info] [edge_elements.cpp:187] [create] Created (LastAsyncEl0NmsPPMuxEl0YOLOV8-Post-Process)
[2026-10-08 21:26:56.971] [6043] [HailoRT] [info] [pipeline.cpp:891] [print_deep_description] EntryPushQEl0yolov8n/input_layer1 | inputs: user | outputs: PreInferEl10yolov8n/input_layer1(running in thread_id: 6064)
[2026-10-08 21:26:56.971] [6043] [HailoRT] [info] [pipeline.cpp:891] [print_deep_description] PreInferEl10yolov8n/input_layer1 | inputs: EntryPushQEl0yolov8n/input_layer1[0] | outputs: PushQEl10yolov8n/input_layer1
[2026-10-08 21:26:56.971] [6043] [HailoRT] [info] [pipeline.cpp:891] [print_deep_description] PushQEl10yolov8n/input_layer1 | inputs: PreInferEl10yolov8n/input_layer1[0] | outputs: AsyncHwEl(running in thread_id: 6065)
[2026-10-08 21:26:56.971] [6043] [HailoRT] [info] [pipeline.cpp:891] [print_deep_description] AsyncHwEl | inputs: PushQEl10yolov8n/input_layer1[0] | outputs: MultiPushQEl0YOLOV8-Post-Process MultiPushQEl0YOLOV8-Post-Process MultiPushQEl0YOLOV8-Post-Process MultiPushQEl0YOLOV8-Post-Process MultiPushQEl0YOLOV8-Post-Process MultiPushQEl0YOLOV8-Post-Process
[2026-10-08 21:26:56.971] [6043] [HailoRT] [info] [pipeline.cpp:891] [print_deep_description] MultiPushQEl0YOLOV8-Post-Process | inputs: AsyncHwEl[0] AsyncHwEl[1] AsyncHwEl[2] AsyncHwEl[3] AsyncHwEl[4] AsyncHwEl[5] | outputs: NmsPPMuxEl0YOLOV8-Post-Process(running in thread_id: 6066)
[2026-10-08 21:26:56.971] [6043] [HailoRT] [info] [pipeline.cpp:891] [print_deep_description] NmsPPMuxEl0YOLOV8-Post-Process | inputs: MultiPushQEl0YOLOV8-Post-Process[0] | outputs: LastAsyncEl0NmsPPMuxEl0YOLOV8-Post-Process
[2026-10-08 21:26:56.971] [6043] [HailoRT] [info] [pipeline.cpp:891] [print_deep_description] LastAsyncEl0NmsPPMuxEl0YOLOV8-Post-Process | inputs: NmsPPMuxEl0YOLOV8-Post-Process[0] | outputs: user
[2026-10-08 21:27:11.161] [6043] [HailoRT] [info] [async_infer_runner.cpp:86] [shutdown] Pipeline was aborted. Shutting it down
[2026-10-08 21:27:11.161] [6043] [HailoRT] [info] [queue_elements.cpp:1131] [execute_deactivate] enqueue() in element MultiPushQEl0YOLOV8-Post-Process was aborted, got status = HAILO_SHUTDOWN_EVENT_SIGNALED(57)
[2026-10-08 21:27:11.161] [6043] [HailoRT] [info] [queue_elements.cpp:1131] [execute_deactivate] enqueue() in element MultiPushQEl0YOLOV8-Post-Process was aborted, got status = HAILO_SHUTDOWN_EVENT_SIGNALED(57)
[2026-10-08 21:27:11.161] [6043] [HailoRT] [info] [queue_elements.cpp:1131] [execute_deactivate] enqueue() in element MultiPushQEl0YOLOV8-Post-Process was aborted, got status = HAILO_SHUTDOWN_EVENT_SIGNALED(57)
[2026-10-08 21:27:11.161] [6043] [HailoRT] [info] [queue_elements.cpp:1131] [execute_deactivate] enqueue() in element MultiPushQEl0YOLOV8-Post-Process was aborted, got status = HAILO_SHUTDOWN_EVENT_SIGNALED(57)
[2026-10-08 21:27:11.161] [6043] [HailoRT] [info] [queue_elements.cpp:1131] [execute_deactivate] enqueue() in element MultiPushQEl0YOLOV8-Post-Process was aborted, got status = HAILO_SHUTDOWN_EVENT_SIGNALED(57)
[2026-10-08 21:27:11.161] [6043] [HailoRT] [info] [queue_elements.cpp:1131] [execute_deactivate] enqueue() in element MultiPushQEl0YOLOV8-Post-Process was aborted, got status = HAILO_SHUTDOWN_EVENT_SIGNALED(57)
[2026-10-08 21:27:11.161] [6043] [HailoRT] [info] [queue_elements.cpp:570] [execute_deactivate] enqueue() in element PushQEl10yolov8n/input_layer1 was aborted, got status = HAILO_SHUTDOWN_EVENT_SIGNALED(57)
[2026-10-08 21:27:11.161] [6043] [HailoRT] [info] [queue_elements.cpp:570] [execute_deactivate] enqueue() in element EntryPushQEl0yolov8n/input_layer1 was aborted, got status = HAILO_SHUTDOWN_EVENT_SIGNALED(57)
[2026-10-08 21:27:11.162] [6043] [HailoRT] [info] [queue_elements.cpp:46] [~BaseQueueElement] Queue element EntryPushQEl0yolov8n/input_layer1 has 0 frames in his Queue on destruction
[2026-10-08 21:27:11.162] [6043] [HailoRT] [info] [queue_elements.cpp:46] [~BaseQueueElement] Queue element PushQEl10yolov8n/input_layer1 has 0 frames in his Queue on destruction
[2026-10-08 21:35:16.990] [7039] [HailoRT] [info] [vdevice.cpp:535] [create] Creating vdevice with params: device_count: 1, scheduling_algorithm: ROUND_ROBIN, multi_process_service: false
[2026-10-08 21:35:17.002] [7039] [HailoRT] [info] [device.cpp:57] [Device] OS Version: Linux 6.8.0-1065-raspi #69-Ubuntu SMP PREEMPT_DYNAMIC Tue Sep  8 18:10:10 UTC 2026 aarch64
[2026-10-08 21:35:17.003] [7039] [HailoRT] [info] [control.cpp:176] [identify] firmware_version is: 4.24.0
[2026-10-08 21:35:17.003] [7039] [HailoRT] [info] [vdevice.cpp:682] [create] VDevice Infos: 0000:01:00.0
[2026-10-08 21:35:17.014] [7039] [HailoRT] [info] [hef.cpp:1993] [get_network_group_and_network_name] No name was given. Addressing all networks of default network_group: yolov8n
[2026-10-08 21:35:17.014] [7039] [HailoRT] [info] [hef.cpp:1993] [get_network_group_and_network_name] No name was given. Addressing all networks of default network_group: yolov8n
[2026-10-08 21:35:17.021] [7039] [HailoRT] [info] [internal_buffer_manager.cpp:77] [print_execution_results] Planned internal buffer memory: CMA=0 CMA-Desc=524288 Pinned=925696. memory to edge layer usage factor is 1
[2026-10-08 21:35:17.021] [7039] [HailoRT] [info] [internal_buffer_manager.cpp:86] [print_execution_results] Default Internal buffer planner executed successfully
[2026-10-08 21:35:17.047] [7039] [HailoRT] [info] [device_internal.cpp:57] [configure] Configuring HEF took 33.395387 milliseconds
[2026-10-08 21:35:17.047] [7039] [HailoRT] [info] [vdevice.cpp:780] [configure] Configuring HEF on VDevice took 33.670136 milliseconds
[2026-10-08 21:35:17.047] [7039] [HailoRT] [info] [infer_model.cpp:417] [configure] Configuring network group 'yolov8n' with params: batch size: 1, power mode: PERFORMANCE, latency: NONE
[2026-10-08 21:35:17.048] [7039] [HailoRT] [info] [multi_io_elements.cpp:754] [create] Created (AsyncHwEl)
[2026-10-08 21:35:17.048] [7039] [HailoRT] [info] [queue_elements.cpp:450] [create] Created (EntryPushQEl0yolov8n/input_layer1 | timeout: 10s)
[2026-10-08 21:35:17.048] [7039] [HailoRT] [info] [filter_elements.cpp:101] [create] Created (PreInferEl10yolov8n/input_layer1 | Reorder - src_order: NHWC, src_shape: (640, 640, 3), dst_order: NHCW, dst_shape: (640, 640, 3))
[2026-10-08 21:35:17.048] [7039] [HailoRT] [info] [queue_elements.cpp:450] [create] Created (PushQEl10yolov8n/input_layer1 | timeout: 10s)
[2026-10-08 21:35:17.048] [7039] [HailoRT] [info] [multi_io_elements.cpp:135] [create] Created (NmsPPMuxEl0YOLOV8-Post-Process | Op YOLOV8, Name: YOLOV8-Post-Process, Score threshold: 0.200, IoU threshold: 0.70, Classes: 80, Max bboxes per class: 100, Image height: 640, Image width: 640)
[2026-10-08 21:35:17.058] [7039] [HailoRT] [info] [queue_elements.cpp:942] [create] Created (MultiPushQEl0YOLOV8-Post-Process | timeout: 10s)
[2026-10-08 21:35:17.058] [7039] [HailoRT] [info] [edge_elements.cpp:187] [create] Created (LastAsyncEl0NmsPPMuxEl0YOLOV8-Post-Process)
[2026-10-08 21:35:17.058] [7039] [HailoRT] [info] [pipeline.cpp:891] [print_deep_description] EntryPushQEl0yolov8n/input_layer1 | inputs: user | outputs: PreInferEl10yolov8n/input_layer1(running in thread_id: 7060)
[2026-10-08 21:35:17.058] [7039] [HailoRT] [info] [pipeline.cpp:891] [print_deep_description] PreInferEl10yolov8n/input_layer1 | inputs: EntryPushQEl0yolov8n/input_layer1[0] | outputs: PushQEl10yolov8n/input_layer1
[2026-10-08 21:35:17.058] [7039] [HailoRT] [info] [pipeline.cpp:891] [print_deep_description] PushQEl10yolov8n/input_layer1 | inputs: PreInferEl10yolov8n/input_layer1[0] | outputs: AsyncHwEl(running in thread_id: 7061)
[2026-10-08 21:35:17.058] [7039] [HailoRT] [info] [pipeline.cpp:891] [print_deep_description] AsyncHwEl | inputs: PushQEl10yolov8n/input_layer1[0] | outputs: MultiPushQEl0YOLOV8-Post-Process MultiPushQEl0YOLOV8-Post-Process MultiPushQEl0YOLOV8-Post-Process MultiPushQEl0YOLOV8-Post-Process MultiPushQEl0YOLOV8-Post-Process MultiPushQEl0YOLOV8-Post-Process
[2026-10-08 21:35:17.058] [7039] [HailoRT] [info] [pipeline.cpp:891] [print_deep_description] MultiPushQEl0YOLOV8-Post-Process | inputs: AsyncHwEl[0] AsyncHwEl[1] AsyncHwEl[2] AsyncHwEl[3] AsyncHwEl[4] AsyncHwEl[5] | outputs: NmsPPMuxEl0YOLOV8-Post-Process(running in thread_id: 7062)
[2026-10-08 21:35:17.058] [7039] [HailoRT] [info] [pipeline.cpp:891] [print_deep_description] NmsPPMuxEl0YOLOV8-Post-Process | inputs: MultiPushQEl0YOLOV8-Post-Process[0] | outputs: LastAsyncEl0NmsPPMuxEl0YOLOV8-Post-Process
[2026-10-08 21:35:17.058] [7039] [HailoRT] [info] [pipeline.cpp:891] [print_deep_description] LastAsyncEl0NmsPPMuxEl0YOLOV8-Post-Process | inputs: NmsPPMuxEl0YOLOV8-Post-Process[0] | outputs: user
[2026-10-08 21:36:07.279] [7039] [HailoRT] [info] [async_infer_runner.cpp:86] [shutdown] Pipeline was aborted. Shutting it down
[2026-10-08 21:36:07.280] [7039] [HailoRT] [info] [queue_elements.cpp:1131] [execute_deactivate] enqueue() in element MultiPushQEl0YOLOV8-Post-Process was aborted, got status = HAILO_SHUTDOWN_EVENT_SIGNALED(57)
[2026-10-08 21:36:07.280] [7039] [HailoRT] [info] [queue_elements.cpp:1131] [execute_deactivate] enqueue() in element MultiPushQEl0YOLOV8-Post-Process was aborted, got status = HAILO_SHUTDOWN_EVENT_SIGNALED(57)
[2026-10-08 21:36:07.280] [7039] [HailoRT] [info] [queue_elements.cpp:1131] [execute_deactivate] enqueue() in element MultiPushQEl0YOLOV8-Post-Process was aborted, got status = HAILO_SHUTDOWN_EVENT_SIGNALED(57)
[2026-10-08 21:36:07.280] [7039] [HailoRT] [info] [queue_elements.cpp:1131] [execute_deactivate] enqueue() in element MultiPushQEl0YOLOV8-Post-Process was aborted, got status = HAILO_SHUTDOWN_EVENT_SIGNALED(57)
[2026-10-08 21:36:07.280] [7039] [HailoRT] [info] [queue_elements.cpp:1131] [execute_deactivate] enqueue() in element MultiPushQEl0YOLOV8-Post-Process was aborted, got status = HAILO_SHUTDOWN_EVENT_SIGNALED(57)
[2026-10-08 21:36:07.280] [7039] [HailoRT] [info] [queue_elements.cpp:1131] [execute_deactivate] enqueue() in element MultiPushQEl0YOLOV8-Post-Process was aborted, got status = HAILO_SHUTDOWN_EVENT_SIGNALED(57)
[2026-10-08 21:36:07.280] [7039] [HailoRT] [info] [queue_elements.cpp:570] [execute_deactivate] enqueue() in element PushQEl10yolov8n/input_layer1 was aborted, got status = HAILO_SHUTDOWN_EVENT_SIGNALED(57)
[2026-10-08 21:36:07.280] [7039] [HailoRT] [info] [queue_elements.cpp:570] [execute_deactivate] enqueue() in element EntryPushQEl0yolov8n/input_layer1 was aborted, got status = HAILO_SHUTDOWN_EVENT_SIGNALED(57)
[2026-10-08 21:36:07.280] [7039] [HailoRT] [info] [queue_elements.cpp:46] [~BaseQueueElement] Queue element EntryPushQEl0yolov8n/input_layer1 has 0 frames in his Queue on destruction
[2026-10-08 21:36:07.280] [7039] [HailoRT] [info] [queue_elements.cpp:46] [~BaseQueueElement] Queue element PushQEl10yolov8n/input_layer1 has 0 frames in his Queue on destruction
[2026-10-08 21:48:58.580] [7661] [HailoRT] [info] [vdevice.cpp:535] [create] Creating vdevice with params: device_count: 1, scheduling_algorithm: ROUND_ROBIN, multi_process_service: false
[2026-10-08 21:48:58.593] [7661] [HailoRT] [info] [device.cpp:57] [Device] OS Version: Linux 6.8.0-1065-raspi #69-Ubuntu SMP PREEMPT_DYNAMIC Tue Sep  8 18:10:10 UTC 2026 aarch64
[2026-10-08 21:48:58.593] [7661] [HailoRT] [info] [control.cpp:176] [identify] firmware_version is: 4.24.0
[2026-10-08 21:48:58.593] [7661] [HailoRT] [info] [vdevice.cpp:682] [create] VDevice Infos: 0000:01:00.0
[2026-10-08 21:48:58.603] [7661] [HailoRT] [info] [hef.cpp:1993] [get_network_group_and_network_name] No name was given. Addressing all networks of default network_group: yolov8n
[2026-10-08 21:48:58.603] [7661] [HailoRT] [info] [hef.cpp:1993] [get_network_group_and_network_name] No name was given. Addressing all networks of default network_group: yolov8n
[2026-10-08 21:48:58.610] [7661] [HailoRT] [info] [internal_buffer_manager.cpp:77] [print_execution_results] Planned internal buffer memory: CMA=0 CMA-Desc=524288 Pinned=925696. memory to edge layer usage factor is 1
[2026-10-08 21:48:58.610] [7661] [HailoRT] [info] [internal_buffer_manager.cpp:86] [print_execution_results] Default Internal buffer planner executed successfully
[2026-10-08 21:48:58.635] [7661] [HailoRT] [info] [device_internal.cpp:57] [configure] Configuring HEF took 32.083708 milliseconds
[2026-10-08 21:48:58.635] [7661] [HailoRT] [info] [vdevice.cpp:780] [configure] Configuring HEF on VDevice took 32.362106 milliseconds
[2026-10-08 21:48:58.636] [7661] [HailoRT] [info] [infer_model.cpp:417] [configure] Configuring network group 'yolov8n' with params: batch size: 1, power mode: PERFORMANCE, latency: NONE
[2026-10-08 21:48:58.636] [7661] [HailoRT] [info] [multi_io_elements.cpp:754] [create] Created (AsyncHwEl)
[2026-10-08 21:48:58.636] [7661] [HailoRT] [info] [queue_elements.cpp:450] [create] Created (EntryPushQEl0yolov8n/input_layer1 | timeout: 10s)
[2026-10-08 21:48:58.636] [7661] [HailoRT] [info] [filter_elements.cpp:101] [create] Created (PreInferEl10yolov8n/input_layer1 | Reorder - src_order: NHWC, src_shape: (640, 640, 3), dst_order: NHCW, dst_shape: (640, 640, 3))
[2026-10-08 21:48:58.636] [7661] [HailoRT] [info] [queue_elements.cpp:450] [create] Created (PushQEl10yolov8n/input_layer1 | timeout: 10s)
[2026-10-08 21:48:58.636] [7661] [HailoRT] [info] [multi_io_elements.cpp:135] [create] Created (NmsPPMuxEl0YOLOV8-Post-Process | Op YOLOV8, Name: YOLOV8-Post-Process, Score threshold: 0.200, IoU threshold: 0.70, Classes: 80, Max bboxes per class: 100, Image height: 640, Image width: 640)
[2026-10-08 21:48:58.648] [7661] [HailoRT] [info] [queue_elements.cpp:942] [create] Created (MultiPushQEl0YOLOV8-Post-Process | timeout: 10s)
[2026-10-08 21:48:58.648] [7661] [HailoRT] [info] [edge_elements.cpp:187] [create] Created (LastAsyncEl0NmsPPMuxEl0YOLOV8-Post-Process)
[2026-10-08 21:48:58.648] [7661] [HailoRT] [info] [pipeline.cpp:891] [print_deep_description] EntryPushQEl0yolov8n/input_layer1 | inputs: user | outputs: PreInferEl10yolov8n/input_layer1(running in thread_id: 7682)
[2026-10-08 21:48:58.648] [7661] [HailoRT] [info] [pipeline.cpp:891] [print_deep_description] PreInferEl10yolov8n/input_layer1 | inputs: EntryPushQEl0yolov8n/input_layer1[0] | outputs: PushQEl10yolov8n/input_layer1
[2026-10-08 21:48:58.648] [7661] [HailoRT] [info] [pipeline.cpp:891] [print_deep_description] PushQEl10yolov8n/input_layer1 | inputs: PreInferEl10yolov8n/input_layer1[0] | outputs: AsyncHwEl(running in thread_id: 7683)
[2026-10-08 21:48:58.648] [7661] [HailoRT] [info] [pipeline.cpp:891] [print_deep_description] AsyncHwEl | inputs: PushQEl10yolov8n/input_layer1[0] | outputs: MultiPushQEl0YOLOV8-Post-Process MultiPushQEl0YOLOV8-Post-Process MultiPushQEl0YOLOV8-Post-Process MultiPushQEl0YOLOV8-Post-Process MultiPushQEl0YOLOV8-Post-Process MultiPushQEl0YOLOV8-Post-Process
[2026-10-08 21:48:58.648] [7661] [HailoRT] [info] [pipeline.cpp:891] [print_deep_description] MultiPushQEl0YOLOV8-Post-Process | inputs: AsyncHwEl[0] AsyncHwEl[1] AsyncHwEl[2] AsyncHwEl[3] AsyncHwEl[4] AsyncHwEl[5] | outputs: NmsPPMuxEl0YOLOV8-Post-Process(running in thread_id: 7684)
[2026-10-08 21:48:58.648] [7661] [HailoRT] [info] [pipeline.cpp:891] [print_deep_description] NmsPPMuxEl0YOLOV8-Post-Process | inputs: MultiPushQEl0YOLOV8-Post-Process[0] | outputs: LastAsyncEl0NmsPPMuxEl0YOLOV8-Post-Process
[2026-10-08 21:48:58.648] [7661] [HailoRT] [info] [pipeline.cpp:891] [print_deep_description] LastAsyncEl0NmsPPMuxEl0YOLOV8-Post-Process | inputs: NmsPPMuxEl0YOLOV8-Post-Process[0] | outputs: user
[2026-10-08 21:50:40.117] [7661] [HailoRT] [info] [async_infer_runner.cpp:86] [shutdown] Pipeline was aborted. Shutting it down
[2026-10-08 21:50:40.117] [7661] [HailoRT] [info] [queue_elements.cpp:1131] [execute_deactivate] enqueue() in element MultiPushQEl0YOLOV8-Post-Process was aborted, got status = HAILO_SHUTDOWN_EVENT_SIGNALED(57)
[2026-10-08 21:50:40.117] [7661] [HailoRT] [info] [queue_elements.cpp:1131] [execute_deactivate] enqueue() in element MultiPushQEl0YOLOV8-Post-Process was aborted, got status = HAILO_SHUTDOWN_EVENT_SIGNALED(57)
[2026-10-08 21:50:40.117] [7661] [HailoRT] [info] [queue_elements.cpp:1131] [execute_deactivate] enqueue() in element MultiPushQEl0YOLOV8-Post-Process was aborted, got status = HAILO_SHUTDOWN_EVENT_SIGNALED(57)
[2026-10-08 21:50:40.117] [7661] [HailoRT] [info] [queue_elements.cpp:1131] [execute_deactivate] enqueue() in element MultiPushQEl0YOLOV8-Post-Process was aborted, got status = HAILO_SHUTDOWN_EVENT_SIGNALED(57)
[2026-10-08 21:50:40.117] [7661] [HailoRT] [info] [queue_elements.cpp:1131] [execute_deactivate] enqueue() in element MultiPushQEl0YOLOV8-Post-Process was aborted, got status = HAILO_SHUTDOWN_EVENT_SIGNALED(57)
[2026-10-08 21:50:40.117] [7661] [HailoRT] [info] [queue_elements.cpp:1131] [execute_deactivate] enqueue() in element MultiPushQEl0YOLOV8-Post-Process was aborted, got status = HAILO_SHUTDOWN_EVENT_SIGNALED(57)
[2026-10-08 21:50:40.117] [7661] [HailoRT] [info] [queue_elements.cpp:570] [execute_deactivate] enqueue() in element PushQEl10yolov8n/input_layer1 was aborted, got status = HAILO_SHUTDOWN_EVENT_SIGNALED(57)
[2026-10-08 21:50:40.117] [7661] [HailoRT] [info] [queue_elements.cpp:570] [execute_deactivate] enqueue() in element EntryPushQEl0yolov8n/input_layer1 was aborted, got status = HAILO_SHUTDOWN_EVENT_SIGNALED(57)
[2026-10-08 21:50:40.117] [7661] [HailoRT] [info] [queue_elements.cpp:46] [~BaseQueueElement] Queue element EntryPushQEl0yolov8n/input_layer1 has 0 frames in his Queue on destruction
[2026-10-08 21:50:40.117] [7661] [HailoRT] [info] [queue_elements.cpp:46] [~BaseQueueElement] Queue element PushQEl10yolov8n/input_layer1 has 0 frames in his Queue on destruction
