[2026-10-08 20:52:37.415] [5173] [HailoRT] [info] [vdevice.cpp:535] [create] Creating vdevice with params: device_count: 1, scheduling_algorithm: ROUND_ROBIN, multi_process_service: false
[2026-10-08 20:52:37.422] [5173] [HailoRT] [error] [vdevice.cpp:863] [create_devices] CHECK failed - Failed to create vdevice. there are not enough free devices. requested: 1, found: 0
[2026-10-08 20:52:37.423] [5173] [HailoRT] [error] [vdevice.cpp:662] [create] CHECK_SUCCESS failed with status=HAILO_OUT_OF_PHYSICAL_DEVICES(74)
[2026-10-08 20:52:37.423] [5173] [HailoRT] [error] [shared_resource_manager.hpp:81] [register_resource] CHECK_SUCCESS failed with status=HAILO_OUT_OF_PHYSICAL_DEVICES(74)
[2026-10-08 20:52:37.423] [5173] [HailoRT] [error] [vdevice.cpp:133] [create] CHECK_SUCCESS failed with status=HAILO_OUT_OF_PHYSICAL_DEVICES(74)
[2026-10-08 20:52:37.423] [5173] [HailoRT] [error] [vdevice.cpp:567] [create] CHECK_SUCCESS failed with status=HAILO_OUT_OF_PHYSICAL_DEVICES(74)
[2026-10-08 21:12:55.728] [4167] [HailoRT] [info] [vdevice.cpp:535] [create] Creating vdevice with params: device_count: 1, scheduling_algorithm: ROUND_ROBIN, multi_process_service: false
[2026-10-08 21:12:55.729] [4167] [HailoRT] [error] [vdevice.cpp:863] [create_devices] CHECK failed - Failed to create vdevice. there are not enough free devices. requested: 1, found: 0
[2026-10-08 21:12:55.730] [4167] [HailoRT] [error] [vdevice.cpp:662] [create] CHECK_SUCCESS failed with status=HAILO_OUT_OF_PHYSICAL_DEVICES(74)
[2026-10-08 21:12:55.730] [4167] [HailoRT] [error] [shared_resource_manager.hpp:81] [register_resource] CHECK_SUCCESS failed with status=HAILO_OUT_OF_PHYSICAL_DEVICES(74)
[2026-10-08 21:12:55.730] [4167] [HailoRT] [error] [vdevice.cpp:133] [create] CHECK_SUCCESS failed with status=HAILO_OUT_OF_PHYSICAL_DEVICES(74)
[2026-10-08 21:12:55.730] [4167] [HailoRT] [error] [vdevice.cpp:567] [create] CHECK_SUCCESS failed with status=HAILO_OUT_OF_PHYSICAL_DEVICES(74)
[2026-10-08 21:16:31.087] [4483] [HailoRT] [info] [vdevice.cpp:535] [create] Creating vdevice with params: device_count: 1, scheduling_algorithm: ROUND_ROBIN, multi_process_service: false
[2026-10-08 21:16:31.102] [4483] [HailoRT] [info] [device.cpp:57] [Device] OS Version: Linux 6.8.0-1065-raspi #69-Ubuntu SMP PREEMPT_DYNAMIC Tue Sep  8 18:10:10 UTC 2026 aarch64
[2026-10-08 21:16:31.102] [4483] [HailoRT] [info] [control.cpp:176] [identify] firmware_version is: 4.24.0
[2026-10-08 21:16:31.103] [4483] [HailoRT] [info] [vdevice.cpp:682] [create] VDevice Infos: 0000:01:00.0
[2026-10-08 21:16:31.272] [4483] [HailoRT] [info] [hef.cpp:1993] [get_network_group_and_network_name] No name was given. Addressing all networks of default network_group: yolov8n
[2026-10-08 21:16:31.272] [4483] [HailoRT] [info] [hef.cpp:1993] [get_network_group_and_network_name] No name was given. Addressing all networks of default network_group: yolov8n
[2026-10-08 21:16:31.283] [4483] [HailoRT] [info] [internal_buffer_manager.cpp:77] [print_execution_results] Planned internal buffer memory: CMA=0 CMA-Desc=524288 Pinned=925696. memory to edge layer usage factor is 1
[2026-10-08 21:16:31.283] [4483] [HailoRT] [info] [internal_buffer_manager.cpp:86] [print_execution_results] Default Internal buffer planner executed successfully
[2026-10-08 21:16:31.310] [4483] [HailoRT] [info] [device_internal.cpp:57] [configure] Configuring HEF took 36.206139 milliseconds
[2026-10-08 21:16:31.310] [4483] [HailoRT] [info] [vdevice.cpp:780] [configure] Configuring HEF on VDevice took 36.834178 milliseconds
[2026-10-08 21:16:31.310] [4483] [HailoRT] [info] [infer_model.cpp:417] [configure] Configuring network group 'yolov8n' with params: batch size: 1, power mode: PERFORMANCE, latency: NONE
[2026-10-08 21:16:31.312] [4483] [HailoRT] [info] [multi_io_elements.cpp:754] [create] Created (AsyncHwEl)
[2026-10-08 21:16:31.312] [4483] [HailoRT] [info] [queue_elements.cpp:450] [create] Created (EntryPushQEl0yolov8n/input_layer1 | timeout: 10s)
[2026-10-08 21:16:31.312] [4483] [HailoRT] [info] [filter_elements.cpp:101] [create] Created (PreInferEl10yolov8n/input_layer1 | Reorder - src_order: NHWC, src_shape: (640, 640, 3), dst_order: NHCW, dst_shape: (640, 640, 3))
[2026-10-08 21:16:31.313] [4483] [HailoRT] [info] [queue_elements.cpp:450] [create] Created (PushQEl10yolov8n/input_layer1 | timeout: 10s)
[2026-10-08 21:16:31.313] [4483] [HailoRT] [info] [multi_io_elements.cpp:135] [create] Created (NmsPPMuxEl0YOLOV8-Post-Process | Op YOLOV8, Name: YOLOV8-Post-Process, Score threshold: 0.200, IoU threshold: 0.70, Classes: 80, Max bboxes per class: 100, Image height: 640, Image width: 640)
[2026-10-08 21:16:31.324] [4483] [HailoRT] [info] [queue_elements.cpp:942] [create] Created (MultiPushQEl0YOLOV8-Post-Process | timeout: 10s)
[2026-10-08 21:16:31.324] [4483] [HailoRT] [info] [edge_elements.cpp:187] [create] Created (LastAsyncEl0NmsPPMuxEl0YOLOV8-Post-Process)
[2026-10-08 21:16:31.324] [4483] [HailoRT] [info] [pipeline.cpp:891] [print_deep_description] EntryPushQEl0yolov8n/input_layer1 | inputs: user | outputs: PreInferEl10yolov8n/input_layer1(running in thread_id: 4505)
[2026-10-08 21:16:31.324] [4483] [HailoRT] [info] [pipeline.cpp:891] [print_deep_description] PreInferEl10yolov8n/input_layer1 | inputs: EntryPushQEl0yolov8n/input_layer1[0] | outputs: PushQEl10yolov8n/input_layer1
[2026-10-08 21:16:31.324] [4483] [HailoRT] [info] [pipeline.cpp:891] [print_deep_description] PushQEl10yolov8n/input_layer1 | inputs: PreInferEl10yolov8n/input_layer1[0] | outputs: AsyncHwEl(running in thread_id: 4506)
[2026-10-08 21:16:31.324] [4483] [HailoRT] [info] [pipeline.cpp:891] [print_deep_description] AsyncHwEl | inputs: PushQEl10yolov8n/input_layer1[0] | outputs: MultiPushQEl0YOLOV8-Post-Process MultiPushQEl0YOLOV8-Post-Process MultiPushQEl0YOLOV8-Post-Process MultiPushQEl0YOLOV8-Post-Process MultiPushQEl0YOLOV8-Post-Process MultiPushQEl0YOLOV8-Post-Process
[2026-10-08 21:16:31.324] [4483] [HailoRT] [info] [pipeline.cpp:891] [print_deep_description] MultiPushQEl0YOLOV8-Post-Process | inputs: AsyncHwEl[0] AsyncHwEl[1] AsyncHwEl[2] AsyncHwEl[3] AsyncHwEl[4] AsyncHwEl[5] | outputs: NmsPPMuxEl0YOLOV8-Post-Process(running in thread_id: 4507)
[2026-10-08 21:16:31.324] [4483] [HailoRT] [info] [pipeline.cpp:891] [print_deep_description] NmsPPMuxEl0YOLOV8-Post-Process | inputs: MultiPushQEl0YOLOV8-Post-Process[0] | outputs: LastAsyncEl0NmsPPMuxEl0YOLOV8-Post-Process
[2026-10-08 21:16:31.324] [4483] [HailoRT] [info] [pipeline.cpp:891] [print_deep_description] LastAsyncEl0NmsPPMuxEl0YOLOV8-Post-Process | inputs: NmsPPMuxEl0YOLOV8-Post-Process[0] | outputs: user
[2026-10-08 21:17:01.396] [4483] [HailoRT] [info] [async_infer_runner.cpp:86] [shutdown] Pipeline was aborted. Shutting it down
[2026-10-08 21:17:01.397] [4483] [HailoRT] [info] [queue_elements.cpp:1131] [execute_deactivate] enqueue() in element MultiPushQEl0YOLOV8-Post-Process was aborted, got status = HAILO_SHUTDOWN_EVENT_SIGNALED(57)
[2026-10-08 21:17:01.397] [4483] [HailoRT] [info] [queue_elements.cpp:1131] [execute_deactivate] enqueue() in element MultiPushQEl0YOLOV8-Post-Process was aborted, got status = HAILO_SHUTDOWN_EVENT_SIGNALED(57)
[2026-10-08 21:17:01.397] [4483] [HailoRT] [info] [queue_elements.cpp:1131] [execute_deactivate] enqueue() in element MultiPushQEl0YOLOV8-Post-Process was aborted, got status = HAILO_SHUTDOWN_EVENT_SIGNALED(57)
[2026-10-08 21:17:01.397] [4483] [HailoRT] [info] [queue_elements.cpp:1131] [execute_deactivate] enqueue() in element MultiPushQEl0YOLOV8-Post-Process was aborted, got status = HAILO_SHUTDOWN_EVENT_SIGNALED(57)
[2026-10-08 21:17:01.397] [4483] [HailoRT] [info] [queue_elements.cpp:1131] [execute_deactivate] enqueue() in element MultiPushQEl0YOLOV8-Post-Process was aborted, got status = HAILO_SHUTDOWN_EVENT_SIGNALED(57)
[2026-10-08 21:17:01.397] [4483] [HailoRT] [info] [queue_elements.cpp:1131] [execute_deactivate] enqueue() in element MultiPushQEl0YOLOV8-Post-Process was aborted, got status = HAILO_SHUTDOWN_EVENT_SIGNALED(57)
[2026-10-08 21:17:01.397] [4483] [HailoRT] [info] [queue_elements.cpp:570] [execute_deactivate] enqueue() in element PushQEl10yolov8n/input_layer1 was aborted, got status = HAILO_SHUTDOWN_EVENT_SIGNALED(57)
[2026-10-08 21:17:01.397] [4483] [HailoRT] [info] [queue_elements.cpp:570] [execute_deactivate] enqueue() in element EntryPushQEl0yolov8n/input_layer1 was aborted, got status = HAILO_SHUTDOWN_EVENT_SIGNALED(57)
[2026-10-08 21:17:01.397] [4483] [HailoRT] [info] [queue_elements.cpp:46] [~BaseQueueElement] Queue element EntryPushQEl0yolov8n/input_layer1 has 0 frames in his Queue on destruction
[2026-10-08 21:17:01.397] [4483] [HailoRT] [info] [queue_elements.cpp:46] [~BaseQueueElement] Queue element PushQEl10yolov8n/input_layer1 has 0 frames in his Queue on destruction
